[
  {
    "$sType": "issue",
    "message": "\"y\" is not a valid name for a value reference."
  }
]